// Jest Snapshot v1, https://goo.gl/fbAQLP

exports[`renders the UI as expected 1`] = `
<div
  className="Card"
>
  <h3>
    First List
  </h3>
  <p>
    test
  </p>
</div>
`;
